Error: A configuration file `protomd.toml` already exists

